Flutter crash report.
Please report a bug at https://github.com/flutter/flutter/issues.

## command

flutter analyze

## exception

_Exception: Exception: analysis server exited with code 255 and output:
[stderr] #7      LspByteStreamServerChannel.listen.<anonymous closure> (package:analysis_server/src/lsp/channel/lsp_byte_stream_channel.dart:67)
[stderr] #8      _rootRunUnary (dart:async/zone_root.dart:48)
[stderr] #9      _CustomZone.runUnary (dart:async/zone.dart:733)
[stderr] #10     _CustomZone.runUnaryGuarded (dart:async/zone.dart:633)
[stderr] #11     _BufferingStreamSubscription._sendData (dart:async/stream_impl.dart:381)
[stderr] #12     _DelayedData.perform (dart:async/stream_impl.dart:573)
[stderr] #13     _PendingEvents.handleNext (dart:async/stream_impl.dart:678)
[stderr] #14     _PendingEvents.schedule.<anonymous closure> (dart:async/stream_impl.dart:649)
[stderr] #15     _rootRun (dart:async/zone_root.dart:27)
[stderr] #16     _CustomZone.run (dart:async/zone.dart:726)
[stderr] #17     _CustomZone.runGuarded (dart:async/zone.dart:625)
[stderr] #18     _CustomZone.bindCallbackGuarded.<anonymous closure> (dart:async/zone.dart:666)
[stderr] #19     _rootRun (dart:async/zone_root.dart:35)
[stderr] #20     _CustomZone.run (dart:async/zone.dart:726)
[stderr] #21     _CustomZone.runGuarded (dart:async/zone.dart:625)
[stderr] #22     _CustomZone.bindCallbackGuarded.<anonymous closure> (dart:async/zone.dart:666)
[stderr] #23     _microtaskLoop (dart:async/schedule_microtask.dart:40)
[stderr] #24     _startMicrotaskLoop (dart:async/schedule_microtask.dart:49)
[stderr] #25     _runPendingImmediateCallback (dart:isolate-patch/isolate_patch.dart:127)
[stderr] #26     _RawReceivePort._handleMessage (dart:isolate-patch/isolate_patch.dart:193)

```
```

## flutter doctor

```
[✓] Flutter (Channel stable, 3.44.0, on Microsoft Windows [Version 10.0.26200.8457], locale ru-RU) [533ms]
    • Flutter version 3.44.0 on channel stable at C:\dev\flutter
    • Upstream repository https://github.com/flutter/flutter.git
    • Framework revision 559ffa3f75 (2 weeks ago), 2026-05-15 14:13:13 -0700
    • Engine revision 4c525dac5e
    • Dart version 3.12.0
    • DevTools version 2.57.0
    • Feature flags: enable-web, enable-linux-desktop, enable-macos-desktop, enable-windows-desktop, enable-android, enable-ios, cli-animations, enable-native-assets, enable-swift-package-manager, omit-legacy-version-file, enable-lldb-debugging, enable-uiscene-migration

[✓] Windows Version (Windows 11 or higher, 25H2, 2009) [1 125ms]

[✗] Android toolchain - develop for Android devices [240ms]
    ✗ Unable to locate Android SDK.
      Install Android Studio from: https://developer.android.com/studio/index.html
      On first launch it will assist you in installing the Android SDK components.
      (or visit https://flutter.dev/to/windows-android-setup for detailed instructions).
      If the Android SDK has been installed to a custom location, please use
      `flutter config --android-sdk` to update to that location.


[✓] Chrome - develop for the web [218ms]
    • Chrome at C:\Program Files\Google\Chrome\Application\chrome.exe

[✓] Visual Studio - develop Windows apps (Visual Studio Build Tools 2019 16.11.48) [216ms]
    • Visual Studio at C:\Program Files (x86)\Microsoft Visual Studio\2019\BuildTools
    • Visual Studio Build Tools 2019 version 16.11.36128.20
    • Windows 10 SDK version 10.0.19041.0

[✓] Connected device (3 available) [162ms]
    • Windows (desktop) • windows • windows-x64    • Microsoft Windows [Version 10.0.26200.8457]
    • Chrome (web)      • chrome  • web-javascript • Google Chrome 148.0.7778.179
    • Edge (web)        • edge    • web-javascript • Microsoft Edge 147.0.3912.72

[✓] Network resources [1 501ms]
    • All expected network resources are available.

! Doctor found issues in 1 category.
```
